#-----------------------------------------------------------
# Vivado v2024.2 (64-bit)
# SW Build 5239630 on Fri Nov 08 22:34:34 MST 2024
# IP Build 5239520 on Sun Nov 10 16:12:51 MST 2024
# SharedData Build 5239561 on Fri Nov 08 14:39:27 MST 2024
# Start of session at: Mon Mar 31 10:06:14 2025
# Process ID         : 88009
# Current directory  : /home/aotianzhihuo/Pictures/ysyx-workbench/yosys-sta
# Command line       : vivado
# Log file           : /home/aotianzhihuo/Pictures/ysyx-workbench/yosys-sta/vivado.log
# Journal file       : /home/aotianzhihuo/Pictures/ysyx-workbench/yosys-sta/vivado.jou
# Running On         : aotianzhihuo-MS-7D76
# Platform           : Ubuntu
# Operating System   : Ubuntu 22.04.5 LTS
# Processor Detail   : AMD Ryzen 7 7700X 8-Core Processor
# CPU Frequency      : 5491.438 MHz
# CPU Physical cores : 8
# CPU Logical cores  : 16
# Host memory        : 32702 MB
# Swap memory        : 2147 MB
# Total Virtual      : 34850 MB
# Available Virtual  : 17421 MB
#-----------------------------------------------------------
start_gui
create_project project_1 /home/aotianzhihuo/yosys/project_1 -part xc7k70tfbv676-1
add_files -norecurse /home/aotianzhihuo/Pictures/ysyx-workbench/yosys-sta/result/mux41-500MHz/mux41.netlist.fixed.v
update_compile_order -fileset sources_1
